------------------------------------------------------------
TimeQuest Timing Analyzer Summary
------------------------------------------------------------

Type  : Slow 1200mV 85C Model Setup 'clk50'
Slack : 1.869
TNS   : 0.000

Type  : Slow 1200mV 85C Model Hold 'clk50'
Slack : 0.051
TNS   : 0.000

Type  : Slow 1200mV 85C Model Recovery 'clk50'
Slack : 14.818
TNS   : 0.000

Type  : Slow 1200mV 85C Model Removal 'clk50'
Slack : 4.491
TNS   : 0.000

Type  : Slow 1200mV 85C Model Minimum Pulse Width 'clk50'
Slack : 9.584
TNS   : 0.000

Type  : Slow 1200mV 0C Model Setup 'clk50'
Slack : 3.375
TNS   : 0.000

Type  : Slow 1200mV 0C Model Hold 'clk50'
Slack : 0.073
TNS   : 0.000

Type  : Slow 1200mV 0C Model Recovery 'clk50'
Slack : 15.297
TNS   : 0.000

Type  : Slow 1200mV 0C Model Removal 'clk50'
Slack : 4.007
TNS   : 0.000

Type  : Slow 1200mV 0C Model Minimum Pulse Width 'clk50'
Slack : 9.609
TNS   : 0.000

Type  : Fast 1200mV 0C Model Setup 'clk50'
Slack : 11.049
TNS   : 0.000

Type  : Fast 1200mV 0C Model Hold 'clk50'
Slack : -0.007
TNS   : -0.007

Type  : Fast 1200mV 0C Model Recovery 'clk50'
Slack : 17.201
TNS   : 0.000

Type  : Fast 1200mV 0C Model Removal 'clk50'
Slack : 2.300
TNS   : 0.000

Type  : Fast 1200mV 0C Model Minimum Pulse Width 'clk50'
Slack : 9.416
TNS   : 0.000

------------------------------------------------------------
